// Jest Snapshot v1, https://goo.gl/fbAQLP

exports[`should render 1`] = `
<h1>
  Heading
</h1>
`;
